// Vitest Snapshot v1, https://vitest.dev/guide/snapshot.html

exports[`TodosLosCursosPage > matches snapshot 1`] = `
<DocumentFragment>
  <div
    class="bg-gray-50 min-h-screen"
  >
    <div
      class="bg-cep-primary text-white py-2"
    >
      <div
        class="max-w-7xl mx-auto px-4 sm:px-6 lg:px-8"
      >
        <div
          class="flex flex-col sm:flex-row justify-between items-center text-sm"
        >
          <div
            class="flex items-center space-x-4 mb-2 sm:mb-0"
          >
            <div
              class="flex items-center space-x-2"
            >
              <svg
                aria-hidden="true"
                class="lucide lucide-phone w-4 h-4"
                fill="none"
                height="24"
                stroke="currentColor"
                stroke-linecap="round"
                stroke-linejoin="round"
                stroke-width="2"
                viewBox="0 0 24 24"
                width="24"
                xmlns="http://www.w3.org/2000/svg"
              >
                <path
                  d="M13.832 16.568a1 1 0 0 0 1.213-.303l.355-.465A2 2 0 0 1 17 15h3a2 2 0 0 1 2 2v3a2 2 0 0 1-2 2A18 18 0 0 1 2 4a2 2 0 0 1 2-2h3a2 2 0 0 1 2 2v3a2 2 0 0 1-.8 1.6l-.468.351a1 1 0 0 0-.292 1.233 14 14 0 0 0 6.392 6.384"
                />
              </svg>
              <span>
                TELÉFONO: 922 219 257
              </span>
            </div>
            <div
              class="flex items-center space-x-2"
            >
              <svg
                aria-hidden="true"
                class="lucide lucide-clock w-4 h-4"
                fill="none"
                height="24"
                stroke="currentColor"
                stroke-linecap="round"
                stroke-linejoin="round"
                stroke-width="2"
                viewBox="0 0 24 24"
                width="24"
                xmlns="http://www.w3.org/2000/svg"
              >
                <circle
                  cx="12"
                  cy="12"
                  r="10"
                />
                <polyline
                  points="12 6 12 12 16 14"
                />
              </svg>
              <span>
                HORARIO: Lunes a viernes 10 a 14 - 16 a 20
              </span>
            </div>
          </div>
          <div
            class="flex items-center space-x-4"
          >
            <div
              class="flex items-center space-x-2 text-white"
            >
              <svg
                aria-hidden="true"
                class="lucide lucide-calendar"
                fill="none"
                height="14"
                stroke="currentColor"
                stroke-linecap="round"
                stroke-linejoin="round"
                stroke-width="2"
                viewBox="0 0 24 24"
                width="14"
                xmlns="http://www.w3.org/2000/svg"
              >
                <path
                  d="M8 2v4"
                />
                <path
                  d="M16 2v4"
                />
                <rect
                  height="18"
                  rx="2"
                  width="18"
                  x="3"
                  y="4"
                />
                <path
                  d="M3 10h18"
                />
              </svg>
              <span>
                Martes, 1 de julio de 2025 - 15:43h
              </span>
            </div>
            <div
              class="flex items-center space-x-3"
            >
              <a
                class="hover:text-pink-200 transition-colors"
                href="https://www.facebook.com/cepsantacruz/"
              >
                <svg
                  aria-hidden="true"
                  class="lucide lucide-facebook w-4 h-4"
                  fill="none"
                  height="24"
                  stroke="currentColor"
                  stroke-linecap="round"
                  stroke-linejoin="round"
                  stroke-width="2"
                  viewBox="0 0 24 24"
                  width="24"
                  xmlns="http://www.w3.org/2000/svg"
                >
                  <path
                    d="M18 2h-3a5 5 0 0 0-5 5v3H7v4h3v8h4v-8h3l1-4h-4V7a1 1 0 0 1 1-1h3z"
                  />
                </svg>
              </a>
              <a
                class="hover:text-pink-200 transition-colors"
                href="https://www.instagram.com/cep_formacion/"
              >
                <svg
                  aria-hidden="true"
                  class="lucide lucide-instagram w-4 h-4"
                  fill="none"
                  height="24"
                  stroke="currentColor"
                  stroke-linecap="round"
                  stroke-linejoin="round"
                  stroke-width="2"
                  viewBox="0 0 24 24"
                  width="24"
                  xmlns="http://www.w3.org/2000/svg"
                >
                  <rect
                    height="20"
                    rx="5"
                    ry="5"
                    width="20"
                    x="2"
                    y="2"
                  />
                  <path
                    d="M16 11.37A4 4 0 1 1 12.63 8 4 4 0 0 1 16 11.37z"
                  />
                  <line
                    x1="17.5"
                    x2="17.51"
                    y1="6.5"
                    y2="6.5"
                  />
                </svg>
              </a>
              <a
                class="hover:text-pink-200 transition-colors"
                href="#"
              >
                <svg
                  aria-hidden="true"
                  class="lucide lucide-youtube w-4 h-4"
                  fill="none"
                  height="24"
                  stroke="currentColor"
                  stroke-linecap="round"
                  stroke-linejoin="round"
                  stroke-width="2"
                  viewBox="0 0 24 24"
                  width="24"
                  xmlns="http://www.w3.org/2000/svg"
                >
                  <path
                    d="M2.5 17a24.12 24.12 0 0 1 0-10 2 2 0 0 1 1.4-1.4 49.56 49.56 0 0 1 16.2 0A2 2 0 0 1 21.5 7a24.12 24.12 0 0 1 0 10 2 2 0 0 1-1.4 1.4 49.55 49.55 0 0 1-16.2 0A2 2 0 0 1 2.5 17"
                  />
                  <path
                    d="m10 15 5-3-5-3z"
                  />
                </svg>
              </a>
            </div>
          </div>
        </div>
      </div>
    </div>
    <header
      class="bg-white shadow-md"
    >
      <div
        class="max-w-7xl mx-auto px-4 sm:px-6 lg:px-8"
      >
        <div
          class="flex justify-between items-center py-4"
        >
          <a
            class="flex items-center"
            data-discover="true"
            href="/"
          >
            <img
              alt="CEP Formación"
              class="h-12"
              src="/images/logos/logotipo-300x95.jpg"
            />
          </a>
          <nav
            class="hidden md:flex items-center space-x-8"
          >
            <a
              class="text-gray-700 hover:text-cep-primary font-medium transition-colors"
              data-discover="true"
              href="/"
            >
              INICIO
            </a>
            <a
              class="text-gray-700 hover:text-cep-primary font-medium transition-colors"
              data-discover="true"
              href="/cursos"
            >
              CURSOS
            </a>
            <a
              class="text-gray-700 hover:text-cep-primary font-medium transition-colors"
              data-discover="true"
              href="/ciclos"
            >
              CICLOS
            </a>
            <a
              class="text-gray-700 hover:text-cep-primary font-medium transition-colors"
              data-discover="true"
              href="/sedes"
            >
              SEDES
            </a>
            <a
              class="text-gray-700 hover:text-cep-primary font-medium transition-colors"
              data-discover="true"
              href="/blog"
            >
              BLOG
            </a>
            <a
              class="text-gray-700 hover:text-cep-primary font-medium transition-colors"
              data-discover="true"
              href="/faq"
            >
              FAQ
            </a>
            <a
              class="text-gray-700 hover:text-cep-primary font-medium transition-colors"
              href="https://cursostenerife.es/#quienes-somos"
              rel="noopener noreferrer"
              target="_blank"
            >
              QUIENES SOMOS
            </a>
            <a
              class="text-gray-700 hover:text-cep-primary font-medium transition-colors"
              href="https://cursostenerife.es/#contacto"
              rel="noopener noreferrer"
              target="_blank"
            >
              CONTACTO
            </a>
          </nav>
          <button
            class="md:hidden p-2 rounded-md text-gray-700 hover:text-cep-primary hover:bg-gray-100 transition-colors"
          >
            <svg
              aria-hidden="true"
              class="lucide lucide-menu w-6 h-6"
              fill="none"
              height="24"
              stroke="currentColor"
              stroke-linecap="round"
              stroke-linejoin="round"
              stroke-width="2"
              viewBox="0 0 24 24"
              width="24"
              xmlns="http://www.w3.org/2000/svg"
            >
              <path
                d="M4 12h16"
              />
              <path
                d="M4 18h16"
              />
              <path
                d="M4 6h16"
              />
            </svg>
          </button>
        </div>
      </div>
    </header>
    <main
      class="container mx-auto px-4 py-12 sm:py-16"
    >
      <div
        class="text-center mb-12"
      >
        <h1
          class="text-4xl sm:text-5xl font-extrabold text-cep-primary mb-4"
        >
          Todos Nuestros Cursos
        </h1>
        <p
          class="text-lg text-gray-600 max-w-2xl mx-auto"
        >
          Explora nuestra oferta formativa. Cursos diseñados para impulsar tu carrera profesional en nuestras sedes de Tenerife.
        </p>
      </div>
      <div
        class="mb-12 max-w-lg mx-auto"
      >
        <div
          class="relative"
        >
          <input
            class="w-full pl-12 pr-4 py-3 border border-gray-300 rounded-full shadow-sm focus:ring-2 focus:ring-cep-primary focus:outline-none"
            placeholder="Buscar un curso por nombre..."
            type="text"
            value=""
          />
          <svg
            aria-hidden="true"
            class="lucide lucide-search absolute left-4 top-1/2 -translate-y-1/2 text-gray-400"
            fill="none"
            height="24"
            stroke="currentColor"
            stroke-linecap="round"
            stroke-linejoin="round"
            stroke-width="2"
            viewBox="0 0 24 24"
            width="24"
            xmlns="http://www.w3.org/2000/svg"
          >
            <path
              d="m21 21-4.34-4.34"
            />
            <circle
              cx="11"
              cy="11"
              r="8"
            />
          </svg>
        </div>
      </div>
      <section
        class="mb-16"
        id="sede-norte"
      >
        <div
          class="flex items-center mb-8"
        >
          <span
            class="flex-grow h-1 bg-cep-primary rounded-full"
          />
          <h2
            class="text-3xl font-bold text-gray-800 mx-4"
          >
            SEDE CEP NORTE
          </h2>
          <span
            class="flex-grow h-1 bg-cep-primary rounded-full"
          />
        </div>
        <div
          class="grid sm:grid-cols-2 lg:grid-cols-3 xl:grid-cols-4 gap-8"
        >
          <div
            class="bg-white rounded-lg shadow-lg overflow-hidden hover:shadow-xl transition-shadow h-full flex flex-col"
          >
            <div
              class="relative"
            >
              <img
                alt="Imagen del curso Auxiliar de Veterinaria"
                class="w-full h-40 sm:h-48 object-cover"
                decoding="async"
                loading="lazy"
                src="/images/cursos/auxiliar-veterinaria.jpg"
              />
              <div
                class="absolute top-3 left-3 px-3 py-1 rounded-full text-xs font-bold text-white bg-red-600"
              >
                MATRÍCULA CERRADA
              </div>
            </div>
            <div
              class="p-4 sm:p-6 flex-grow flex flex-col"
            >
              <h3
                class="text-lg sm:text-xl font-bold text-cep-primary mb-2"
              >
                Auxiliar de Veterinaria
              </h3>
              <p
                class="text-xs text-gray-500 font-semibold mb-2 uppercase"
              >
                Inicio 28/05/2025 - Miércoles 10:00-13:00H
              </p>
              <p
                class="text-sm sm:text-base text-gray-700 mb-4 flex-grow line-clamp-3"
              >
                Tu primer paso hacia una carrera dedicada al cuidado animal.
              </p>
              <a
                class="w-full bg-cep-primary text-white py-2 px-4 rounded-lg hover:bg-cep-primary-dark transition-colors font-semibold text-center block text-sm sm:text-base mt-auto"
                data-discover="true"
                href="/curso/auxiliar-clinico-veterinario-norte"
              >
                VER CURSO COMPLETO
              </a>
            </div>
          </div>
          <div
            class="bg-white rounded-lg shadow-lg overflow-hidden hover:shadow-xl transition-shadow h-full flex flex-col"
          >
            <div
              class="relative"
            >
              <img
                alt="Imagen del curso Ayudante Técnico Veterinario (ATV) Combo Tarde (La Laguna/Norte)"
                class="w-full h-40 sm:h-48 object-cover"
                decoding="async"
                loading="lazy"
                src="/images/cursos/auxiliar-veterinaria.jpg"
              />
              <div
                class="absolute top-3 left-3 px-3 py-1 rounded-full text-xs font-bold text-white bg-red-600"
              >
                MATRÍCULA CERRADA
              </div>
            </div>
            <div
              class="p-4 sm:p-6 flex-grow flex flex-col"
            >
              <h3
                class="text-lg sm:text-xl font-bold text-cep-primary mb-2"
              >
                Ayudante Técnico Veterinario (ATV) Combo Tarde (La Laguna/Norte)
              </h3>
              <p
                class="text-xs text-gray-500 font-semibold mb-2 uppercase"
              >
                Inicio: 25/06/2025
              </p>
              <p
                class="text-sm sm:text-base text-gray-700 mb-4 flex-grow line-clamp-3"
              >
                Conviértete en un profesional especializado en asistencia veterinaria avanzada.
              </p>
              <a
                class="w-full bg-cep-primary text-white py-2 px-4 rounded-lg hover:bg-cep-primary-dark transition-colors font-semibold text-center block text-sm sm:text-base mt-auto"
                data-discover="true"
                href="/curso/ayudante-tecnico-veterinario-norte-norte"
              >
                VER CURSO COMPLETO
              </a>
            </div>
          </div>
          <div
            class="bg-white rounded-lg shadow-lg overflow-hidden hover:shadow-xl transition-shadow h-full flex flex-col"
          >
            <div
              class="relative"
            >
              <img
                alt="Imagen del curso Quiromasaje (11 meses) - Norte"
                class="w-full h-40 sm:h-48 object-cover"
                decoding="async"
                loading="lazy"
                src="/images/cursos/Quiromasaje I.png"
              />
              <div
                class="absolute top-3 left-3 px-3 py-1 rounded-full text-xs font-bold text-white bg-red-600"
              >
                MATRÍCULA CERRADA
              </div>
            </div>
            <div
              class="p-4 sm:p-6 flex-grow flex flex-col"
            >
              <h3
                class="text-lg sm:text-xl font-bold text-cep-primary mb-2"
              >
                Quiromasaje (11 meses) - Norte
              </h3>
              <p
                class="text-xs text-gray-500 font-semibold mb-2 uppercase"
              >
                Inicio 19/06/2025 - Jueves 16:00-20:00H
              </p>
              <p
                class="text-sm sm:text-base text-gray-700 mb-4 flex-grow line-clamp-3"
              >
                Conviértete en un profesional del masaje terapéutico en 11 meses.
              </p>
              <a
                class="w-full bg-cep-primary text-white py-2 px-4 rounded-lg hover:bg-cep-primary-dark transition-colors font-semibold text-center block text-sm sm:text-base mt-auto"
                data-discover="true"
                href="/curso/quiromasaje-11-meses-norte"
              >
                VER CURSO COMPLETO
              </a>
            </div>
          </div>
          <div
            class="bg-white rounded-lg shadow-lg overflow-hidden hover:shadow-xl transition-shadow h-full flex flex-col"
          >
            <div
              class="relative"
            >
              <img
                alt="Imagen del curso Quiromasaje Nivel I"
                class="w-full h-40 sm:h-48 object-cover"
                decoding="async"
                loading="lazy"
                src="/images/cursos/Quiromasaje I.png"
              />
              <div
                class="absolute top-3 left-3 px-3 py-1 rounded-full text-xs font-bold text-white bg-red-600"
              >
                MATRÍCULA CERRADA
              </div>
            </div>
            <div
              class="p-4 sm:p-6 flex-grow flex flex-col"
            >
              <h3
                class="text-lg sm:text-xl font-bold text-cep-primary mb-2"
              >
                Quiromasaje Nivel I
              </h3>
              <p
                class="text-xs text-gray-500 font-semibold mb-2 uppercase"
              >
                Inicio 19/06/2025 - Jueves 16:00-20:00H
              </p>
              <p
                class="text-sm sm:text-base text-gray-700 mb-4 flex-grow line-clamp-3"
              >
                Iníciate en el arte del masaje terapéutico y el bienestar.
              </p>
              <a
                class="w-full bg-cep-primary text-white py-2 px-4 rounded-lg hover:bg-cep-primary-dark transition-colors font-semibold text-center block text-sm sm:text-base mt-auto"
                data-discover="true"
                href="/curso/quiromasaje-nivel-1-norte"
              >
                VER CURSO COMPLETO
              </a>
            </div>
          </div>
          <div
            class="bg-white rounded-lg shadow-lg overflow-hidden hover:shadow-xl transition-shadow h-full flex flex-col"
          >
            <div
              class="relative"
            >
              <img
                alt="Imagen del curso Quiromasaje Nivel II"
                class="w-full h-40 sm:h-48 object-cover"
                decoding="async"
                loading="lazy"
                src="/images/cursos/Quiromasaje II.png"
              />
              <div
                class="absolute top-3 left-3 px-3 py-1 rounded-full text-xs font-bold text-white bg-orange-500"
              >
                ÚLTIMAS PLAZAS
              </div>
              <div
                class="absolute top-3 right-3 px-3 py-1 rounded-full text-xs font-bold text-white bg-red-600 animate-pulse"
              >
                POCAS PLAZAS
              </div>
            </div>
            <div
              class="p-4 sm:p-6 flex-grow flex flex-col"
            >
              <h3
                class="text-lg sm:text-xl font-bold text-cep-primary mb-2"
              >
                Quiromasaje Nivel II
              </h3>
              <p
                class="text-xs text-gray-500 font-semibold mb-2 uppercase"
              >
                Inicio 04/07/2025 - Viernes 10:00-14:00H
              </p>
              <p
                class="text-sm sm:text-base text-gray-700 mb-4 flex-grow line-clamp-3"
              >
                Avanza en tus técnicas y especialízate en masaje deportivo.
              </p>
              <a
                class="w-full bg-cep-primary text-white py-2 px-4 rounded-lg hover:bg-cep-primary-dark transition-colors font-semibold text-center block text-sm sm:text-base mt-auto"
                data-discover="true"
                href="/curso/quiromasaje-nivel2-norte"
              >
                VER CURSO COMPLETO
              </a>
            </div>
          </div>
          <div
            class="bg-white rounded-lg shadow-lg overflow-hidden hover:shadow-xl transition-shadow h-full flex flex-col"
          >
            <div
              class="relative"
            >
              <img
                alt="Imagen del curso Auxiliar de Farmacia y Parafarmacia - Norte Grupo 2"
                class="w-full h-40 sm:h-48 object-cover"
                decoding="async"
                loading="lazy"
                src="/images/cursos/farmacia-parafarmacia.jpg"
              />
              <div
                class="absolute top-3 left-3 px-3 py-1 rounded-full text-xs font-bold text-white bg-orange-500"
              >
                21 DE JULIO DE 2025
              </div>
            </div>
            <div
              class="p-4 sm:p-6 flex-grow flex flex-col"
            >
              <h3
                class="text-lg sm:text-xl font-bold text-cep-primary mb-2"
              >
                Auxiliar de Farmacia y Parafarmacia - Norte Grupo 2
              </h3>
              <p
                class="text-xs text-gray-500 font-semibold mb-2 uppercase"
              >
                Inicio 21/07/2025 - Lunes 10:00-13:00H
              </p>
              <p
                class="text-sm sm:text-base text-gray-700 mb-4 flex-grow line-clamp-3"
              >
                Conviértete en el enlace entre el farmacéutico y el paciente.
              </p>
              <a
                class="w-full bg-cep-primary text-white py-2 px-4 rounded-lg hover:bg-cep-primary-dark transition-colors font-semibold text-center block text-sm sm:text-base mt-auto"
                data-discover="true"
                href="/curso/auxiliar-farmacia-parafarmacia-norte-grupo2-norte"
              >
                VER CURSO COMPLETO
              </a>
            </div>
          </div>
          <div
            class="bg-white rounded-lg shadow-lg overflow-hidden hover:shadow-xl transition-shadow h-full flex flex-col"
          >
            <div
              class="relative"
            >
              <img
                alt="Imagen del curso Adiestramiento Canino Nivel 1"
                class="w-full h-40 sm:h-48 object-cover"
                decoding="async"
                loading="lazy"
                src="/images/cursos/adiestramiento-canino.jpg"
              />
              <div
                class="absolute top-3 left-3 px-3 py-1 rounded-full text-xs font-bold text-white bg-green-500"
              >
                SEPTIEMBRE 2025
              </div>
            </div>
            <div
              class="p-4 sm:p-6 flex-grow flex flex-col"
            >
              <h3
                class="text-lg sm:text-xl font-bold text-cep-primary mb-2"
              >
                Adiestramiento Canino Nivel 1
              </h3>
              <p
                class="text-xs text-gray-500 font-semibold mb-2 uppercase"
              >
                Inicio Septiembre - Horario pendiente confirmación
              </p>
              <p
                class="text-sm sm:text-base text-gray-700 mb-4 flex-grow line-clamp-3"
              >
                Conviértete en un experto en el comportamiento y educación canina.
              </p>
              <a
                class="w-full bg-cep-primary text-white py-2 px-4 rounded-lg hover:bg-cep-primary-dark transition-colors font-semibold text-center block text-sm sm:text-base mt-auto"
                data-discover="true"
                href="/curso/adiestramiento-canino-norte"
              >
                VER CURSO COMPLETO
              </a>
            </div>
          </div>
          <div
            class="bg-white rounded-lg shadow-lg overflow-hidden hover:shadow-xl transition-shadow h-full flex flex-col"
          >
            <div
              class="relative"
            >
              <img
                alt="Imagen del curso Dietética y Nutrición"
                class="w-full h-40 sm:h-48 object-cover"
                decoding="async"
                loading="lazy"
                src="/images/cursos/dietetica-nutricion.jpg"
              />
              <div
                class="absolute top-3 left-3 px-3 py-1 rounded-full text-xs font-bold text-white bg-green-500"
              >
                SEPTIEMBRE 2025
              </div>
            </div>
            <div
              class="p-4 sm:p-6 flex-grow flex flex-col"
            >
              <h3
                class="text-lg sm:text-xl font-bold text-cep-primary mb-2"
              >
                Dietética y Nutrición
              </h3>
              <p
                class="text-xs text-gray-500 font-semibold mb-2 uppercase"
              >
                Inicio Septiembre 2025 - Jueves 17:00-20:00H
              </p>
              <p
                class="text-sm sm:text-base text-gray-700 mb-4 flex-grow line-clamp-3"
              >
                Promueve hábitos de vida saludable a través de la alimentación.
              </p>
              <a
                class="w-full bg-cep-primary text-white py-2 px-4 rounded-lg hover:bg-cep-primary-dark transition-colors font-semibold text-center block text-sm sm:text-base mt-auto"
                data-discover="true"
                href="/curso/dietetica-nutricion-norte"
              >
                VER CURSO COMPLETO
              </a>
            </div>
          </div>
          <div
            class="bg-white rounded-lg shadow-lg overflow-hidden hover:shadow-xl transition-shadow h-full flex flex-col"
          >
            <div
              class="relative"
            >
              <img
                alt="Imagen del curso Auxiliar de Enfermería"
                class="w-full h-40 sm:h-48 object-cover"
                decoding="async"
                loading="lazy"
                src="/images/cursos/auxiliar-enfermeria.jpg"
              />
              <div
                class="absolute top-3 left-3 px-3 py-1 rounded-full text-xs font-bold text-white bg-green-500"
              >
                SEPTIEMBRE 2025
              </div>
            </div>
            <div
              class="p-4 sm:p-6 flex-grow flex flex-col"
            >
              <h3
                class="text-lg sm:text-xl font-bold text-cep-primary mb-2"
              >
                Auxiliar de Enfermería
              </h3>
              <p
                class="text-xs text-gray-500 font-semibold mb-2 uppercase"
              >
                Inicio 29/09/2025 - Lunes 16:30-19:30H
              </p>
              <p
                class="text-sm sm:text-base text-gray-700 mb-4 flex-grow line-clamp-3"
              >
                Una vocación de servicio, una profesión con futuro garantizado.
              </p>
              <a
                class="w-full bg-cep-primary text-white py-2 px-4 rounded-lg hover:bg-cep-primary-dark transition-colors font-semibold text-center block text-sm sm:text-base mt-auto"
                data-discover="true"
                href="/curso/auxiliar-enfermeria-norte"
              >
                VER CURSO COMPLETO
              </a>
            </div>
          </div>
          <div
            class="bg-white rounded-lg shadow-lg overflow-hidden hover:shadow-xl transition-shadow h-full flex flex-col"
          >
            <div
              class="relative"
            >
              <img
                alt="Imagen del curso Auxiliar de Farmacia y Parafarmacia"
                class="w-full h-40 sm:h-48 object-cover"
                decoding="async"
                loading="lazy"
                src="/images/cursos/farmacia-parafarmacia.jpg"
              />
              <div
                class="absolute top-3 left-3 px-3 py-1 rounded-full text-xs font-bold text-white bg-green-500"
              >
                OCTUBRE 2025
              </div>
            </div>
            <div
              class="p-4 sm:p-6 flex-grow flex flex-col"
            >
              <h3
                class="text-lg sm:text-xl font-bold text-cep-primary mb-2"
              >
                Auxiliar de Farmacia y Parafarmacia
              </h3>
              <p
                class="text-xs text-gray-500 font-semibold mb-2 uppercase"
              >
                Inicio 13/10/2025 - Lunes 16:00-19:00H
              </p>
              <p
                class="text-sm sm:text-base text-gray-700 mb-4 flex-grow line-clamp-3"
              >
                Conviértete en el enlace entre el farmacéutico y el paciente.
              </p>
              <a
                class="w-full bg-cep-primary text-white py-2 px-4 rounded-lg hover:bg-cep-primary-dark transition-colors font-semibold text-center block text-sm sm:text-base mt-auto"
                data-discover="true"
                href="/curso/auxiliar-farmacia-parafarmacia-norte"
              >
                VER CURSO COMPLETO
              </a>
            </div>
          </div>
          <div
            class="bg-white rounded-lg shadow-lg overflow-hidden hover:shadow-xl transition-shadow h-full flex flex-col"
          >
            <div
              class="relative"
            >
              <img
                alt="Imagen del curso Auxiliar de Farmacia y Parafarmacia - Norte Tarde"
                class="w-full h-40 sm:h-48 object-cover"
                decoding="async"
                loading="lazy"
                src="/images/cursos/farmacia-parafarmacia.jpg"
              />
              <div
                class="absolute top-3 left-3 px-3 py-1 rounded-full text-xs font-bold text-white bg-green-500"
              >
                OCTUBRE 2025
              </div>
            </div>
            <div
              class="p-4 sm:p-6 flex-grow flex flex-col"
            >
              <h3
                class="text-lg sm:text-xl font-bold text-cep-primary mb-2"
              >
                Auxiliar de Farmacia y Parafarmacia - Norte Tarde
              </h3>
              <p
                class="text-xs text-gray-500 font-semibold mb-2 uppercase"
              >
                Inicio 13/10/2025 - Lunes 16:00-19:00H
              </p>
              <p
                class="text-sm sm:text-base text-gray-700 mb-4 flex-grow line-clamp-3"
              >
                Conviértete en el enlace entre el farmacéutico y el paciente.
              </p>
              <a
                class="w-full bg-cep-primary text-white py-2 px-4 rounded-lg hover:bg-cep-primary-dark transition-colors font-semibold text-center block text-sm sm:text-base mt-auto"
                data-discover="true"
                href="/curso/auxiliar-farmacia-parafarmacia-norte-tarde-norte"
              >
                VER CURSO COMPLETO
              </a>
            </div>
          </div>
          <div
            class="bg-white rounded-lg shadow-lg overflow-hidden hover:shadow-xl transition-shadow h-full flex flex-col"
          >
            <div
              class="relative"
            >
              <img
                alt="Imagen del curso Auxiliar de Odontología + Periodoncia"
                class="w-full h-40 sm:h-48 object-cover"
                decoding="async"
                loading="lazy"
                src="/images/cursos/auxiliar-odontologia.jpg"
              />
              <div
                class="absolute top-3 left-3 px-3 py-1 rounded-full text-xs font-bold text-white bg-green-500"
              >
                NOVIEMBRE 2025
              </div>
            </div>
            <div
              class="p-4 sm:p-6 flex-grow flex flex-col"
            >
              <h3
                class="text-lg sm:text-xl font-bold text-cep-primary mb-2"
              >
                Auxiliar de Odontología + Periodoncia
              </h3>
              <p
                class="text-xs text-gray-500 font-semibold mb-2 uppercase"
              >
                Inicio 26/11/2025 - Miércoles 10:00-14:00
              </p>
              <p
                class="text-sm sm:text-base text-gray-700 mb-4 flex-grow line-clamp-3"
              >
                Asiste al odontólogo y mejora la salud bucodental de los pacientes.
              </p>
              <a
                class="w-full bg-cep-primary text-white py-2 px-4 rounded-lg hover:bg-cep-primary-dark transition-colors font-semibold text-center block text-sm sm:text-base mt-auto"
                data-discover="true"
                href="/curso/auxiliar-odontologia-norte"
              >
                VER CURSO COMPLETO
              </a>
            </div>
          </div>
          <div
            class="bg-white rounded-lg shadow-lg overflow-hidden hover:shadow-xl transition-shadow h-full flex flex-col"
          >
            <div
              class="relative"
            >
              <img
                alt="Imagen del curso Adiestramiento Canino Nivel 2"
                class="w-full h-40 sm:h-48 object-cover"
                decoding="async"
                loading="lazy"
                src="/images/cursos/adiestramiento-canino.jpg"
              />
              <div
                class="absolute top-3 left-3 px-3 py-1 rounded-full text-xs font-bold text-white bg-gray-500"
              >
                PRÓXIMAMENTE
              </div>
            </div>
            <div
              class="p-4 sm:p-6 flex-grow flex flex-col"
            >
              <h3
                class="text-lg sm:text-xl font-bold text-cep-primary mb-2"
              >
                Adiestramiento Canino Nivel 2
              </h3>
              <p
                class="text-xs text-gray-500 font-semibold mb-2 uppercase"
              >
                Lunes 16-18:30h
              </p>
              <p
                class="text-sm sm:text-base text-gray-700 mb-4 flex-grow line-clamp-3"
              >
                Perfecciona tus habilidades y especialízate en adiestramiento avanzado.
              </p>
              <a
                class="w-full bg-cep-primary text-white py-2 px-4 rounded-lg hover:bg-cep-primary-dark transition-colors font-semibold text-center block text-sm sm:text-base mt-auto"
                data-discover="true"
                href="/curso/adiestramiento-canino-ii-norte"
              >
                VER CURSO COMPLETO
              </a>
            </div>
          </div>
          <div
            class="bg-white rounded-lg shadow-lg overflow-hidden hover:shadow-xl transition-shadow h-full flex flex-col"
          >
            <div
              class="relative"
            >
              <img
                alt="Imagen del curso Auxiliar de Clínicas Estéticas"
                class="w-full h-40 sm:h-48 object-cover"
                decoding="async"
                loading="lazy"
                src="/images/cursos/especializacion-sanitaria.jpg"
              />
              <div
                class="absolute top-3 left-3 px-3 py-1 rounded-full text-xs font-bold text-white bg-green-500"
              >
                OCTUBRE 2025
              </div>
            </div>
            <div
              class="p-4 sm:p-6 flex-grow flex flex-col"
            >
              <h3
                class="text-lg sm:text-xl font-bold text-cep-primary mb-2"
              >
                Auxiliar de Clínicas Estéticas
              </h3>
              <p
                class="text-xs text-gray-500 font-semibold mb-2 uppercase"
              >
                Inicio 09/10/2025 - Jueves 10:30-13:30H
              </p>
              <p
                class="text-sm sm:text-base text-gray-700 mb-4 flex-grow line-clamp-3"
              >
                Especialízate en medicina estética y centros de belleza.
              </p>
              <a
                class="w-full bg-cep-primary text-white py-2 px-4 rounded-lg hover:bg-cep-primary-dark transition-colors font-semibold text-center block text-sm sm:text-base mt-auto"
                data-discover="true"
                href="/curso/auxiliar-clinicas-esteticas-norte"
              >
                VER CURSO COMPLETO
              </a>
            </div>
          </div>
          <div
            class="bg-white rounded-lg shadow-lg overflow-hidden hover:shadow-xl transition-shadow h-full flex flex-col"
          >
            <div
              class="relative"
            >
              <img
                alt="Imagen del curso Especialista en Animales Exóticos"
                class="w-full h-40 sm:h-48 object-cover"
                decoding="async"
                loading="lazy"
                src="/images/cursos/mundo-animal.jpg"
              />
              <div
                class="absolute top-3 left-3 px-3 py-1 rounded-full text-xs font-bold text-white bg-gray-500"
              >
                PRÓXIMAMENTE
              </div>
            </div>
            <div
              class="p-4 sm:p-6 flex-grow flex flex-col"
            >
              <h3
                class="text-lg sm:text-xl font-bold text-cep-primary mb-2"
              >
                Especialista en Animales Exóticos
              </h3>
              <p
                class="text-xs text-gray-500 font-semibold mb-2 uppercase"
              >
                7 meses / 28 sesiones
              </p>
              <p
                class="text-sm sm:text-base text-gray-700 mb-4 flex-grow line-clamp-3"
              >
                Adéntrate en el fascinante mundo de las especies no convencionales.
              </p>
              <a
                class="w-full bg-cep-primary text-white py-2 px-4 rounded-lg hover:bg-cep-primary-dark transition-colors font-semibold text-center block text-sm sm:text-base mt-auto"
                data-discover="true"
                href="/curso/especialista-animales-exoticos-norte"
              >
                VER CURSO COMPLETO
              </a>
            </div>
          </div>
          <div
            class="bg-white rounded-lg shadow-lg overflow-hidden hover:shadow-xl transition-shadow h-full flex flex-col"
          >
            <div
              class="relative"
            >
              <img
                alt="Imagen del curso Tanatoestética y Tanatopraxia (Agente Funerario)"
                class="w-full h-40 sm:h-48 object-cover"
                decoding="async"
                loading="lazy"
                src="/images/cursos/especializacion-sanitaria.jpg"
              />
              <div
                class="absolute top-3 left-3 px-3 py-1 rounded-full text-xs font-bold text-white bg-green-500"
              >
                SEPTIEMBRE 2025
              </div>
            </div>
            <div
              class="p-4 sm:p-6 flex-grow flex flex-col"
            >
              <h3
                class="text-lg sm:text-xl font-bold text-cep-primary mb-2"
              >
                Tanatoestética y Tanatopraxia (Agente Funerario)
              </h3>
              <p
                class="text-xs text-gray-500 font-semibold mb-2 uppercase"
              >
                Inicio 11/09/2025 - Jueves 18:00-21:00H
              </p>
              <p
                class="text-sm sm:text-base text-gray-700 mb-4 flex-grow line-clamp-3"
              >
                Fórmate en una profesión esencial y de gran demanda social.
              </p>
              <a
                class="w-full bg-cep-primary text-white py-2 px-4 rounded-lg hover:bg-cep-primary-dark transition-colors font-semibold text-center block text-sm sm:text-base mt-auto"
                data-discover="true"
                href="/curso/agente-funerario-norte"
              >
                VER CURSO COMPLETO
              </a>
            </div>
          </div>
        </div>
      </section>
      <section
        id="sede-santa-cruz"
      >
        <div
          class="flex items-center mb-8"
        >
          <span
            class="flex-grow h-1 bg-cep-primary rounded-full"
          />
          <h2
            class="text-3xl font-bold text-gray-800 mx-4"
          >
            SEDE CEP SANTA CRUZ
          </h2>
          <span
            class="flex-grow h-1 bg-cep-primary rounded-full"
          />
        </div>
        <div
          class="grid sm:grid-cols-2 lg:grid-cols-3 xl:grid-cols-4 gap-8"
        >
          <div
            class="bg-white rounded-lg shadow-lg overflow-hidden hover:shadow-xl transition-shadow h-full flex flex-col"
          >
            <div
              class="relative"
            >
              <img
                alt="Imagen del curso Auxiliar de Veterinaria"
                class="w-full h-40 sm:h-48 object-cover"
                decoding="async"
                loading="lazy"
                src="/images/cursos/auxiliar-veterinaria.jpg"
              />
              <div
                class="absolute top-3 left-3 px-3 py-1 rounded-full text-xs font-bold text-white bg-red-600"
              >
                MATRÍCULA CERRADA
              </div>
            </div>
            <div
              class="p-4 sm:p-6 flex-grow flex flex-col"
            >
              <h3
                class="text-lg sm:text-xl font-bold text-cep-primary mb-2"
              >
                Auxiliar de Veterinaria
              </h3>
              <p
                class="text-xs text-gray-500 font-semibold mb-2 uppercase"
              >
                Inicio 28/05/2025 - Miércoles 10:00-13:00H
              </p>
              <p
                class="text-sm sm:text-base text-gray-700 mb-4 flex-grow line-clamp-3"
              >
                Tu primer paso hacia una carrera dedicada al cuidado animal.
              </p>
              <a
                class="w-full bg-cep-primary text-white py-2 px-4 rounded-lg hover:bg-cep-primary-dark transition-colors font-semibold text-center block text-sm sm:text-base mt-auto"
                data-discover="true"
                href="/curso/auxiliar-clinico-veterinario-santacruz"
              >
                VER CURSO COMPLETO
              </a>
            </div>
          </div>
          <div
            class="bg-white rounded-lg shadow-lg overflow-hidden hover:shadow-xl transition-shadow h-full flex flex-col"
          >
            <div
              class="relative"
            >
              <img
                alt="Imagen del curso Quiromasaje (11 meses) - Santa Cruz"
                class="w-full h-40 sm:h-48 object-cover"
                decoding="async"
                loading="lazy"
                src="/images/cursos/Quiromasaje I.png"
              />
              <div
                class="absolute top-3 left-3 px-3 py-1 rounded-full text-xs font-bold text-white bg-red-600"
              >
                MATRÍCULA CERRADA
              </div>
            </div>
            <div
              class="p-4 sm:p-6 flex-grow flex flex-col"
            >
              <h3
                class="text-lg sm:text-xl font-bold text-cep-primary mb-2"
              >
                Quiromasaje (11 meses) - Santa Cruz
              </h3>
              <p
                class="text-xs text-gray-500 font-semibold mb-2 uppercase"
              >
                Inicio 20/06/2025 - Viernes 10:00-14:00H
              </p>
              <p
                class="text-sm sm:text-base text-gray-700 mb-4 flex-grow line-clamp-3"
              >
                Conviértete en un profesional del masaje terapéutico en 11 meses.
              </p>
              <a
                class="w-full bg-cep-primary text-white py-2 px-4 rounded-lg hover:bg-cep-primary-dark transition-colors font-semibold text-center block text-sm sm:text-base mt-auto"
                data-discover="true"
                href="/curso/quiromasaje-11-meses-santacruz"
              >
                VER CURSO COMPLETO
              </a>
            </div>
          </div>
          <div
            class="bg-white rounded-lg shadow-lg overflow-hidden hover:shadow-xl transition-shadow h-full flex flex-col"
          >
            <div
              class="relative"
            >
              <img
                alt="Imagen del curso Quiromasaje Nivel I"
                class="w-full h-40 sm:h-48 object-cover"
                decoding="async"
                loading="lazy"
                src="/images/cursos/Quiromasaje I.png"
              />
              <div
                class="absolute top-3 left-3 px-3 py-1 rounded-full text-xs font-bold text-white bg-red-600"
              >
                MATRÍCULA CERRADA
              </div>
            </div>
            <div
              class="p-4 sm:p-6 flex-grow flex flex-col"
            >
              <h3
                class="text-lg sm:text-xl font-bold text-cep-primary mb-2"
              >
                Quiromasaje Nivel I
              </h3>
              <p
                class="text-xs text-gray-500 font-semibold mb-2 uppercase"
              >
                Inicio 19/06/2025 - Jueves 16:00-20:00H
              </p>
              <p
                class="text-sm sm:text-base text-gray-700 mb-4 flex-grow line-clamp-3"
              >
                Iníciate en el arte del masaje terapéutico y el bienestar.
              </p>
              <a
                class="w-full bg-cep-primary text-white py-2 px-4 rounded-lg hover:bg-cep-primary-dark transition-colors font-semibold text-center block text-sm sm:text-base mt-auto"
                data-discover="true"
                href="/curso/quiromasaje-nivel-1-santacruz"
              >
                VER CURSO COMPLETO
              </a>
            </div>
          </div>
          <div
            class="bg-white rounded-lg shadow-lg overflow-hidden hover:shadow-xl transition-shadow h-full flex flex-col"
          >
            <div
              class="relative"
            >
              <img
                alt="Imagen del curso Ayudante Técnico Veterinario (ATV) Combo (Santa Cruz)"
                class="w-full h-40 sm:h-48 object-cover"
                decoding="async"
                loading="lazy"
                src="/images/cursos/auxiliar-veterinaria.jpg"
              />
              <div
                class="absolute top-3 left-3 px-3 py-1 rounded-full text-xs font-bold text-white bg-orange-500"
              >
                ÚLTIMAS PLAZAS
              </div>
            </div>
            <div
              class="p-4 sm:p-6 flex-grow flex flex-col"
            >
              <h3
                class="text-lg sm:text-xl font-bold text-cep-primary mb-2"
              >
                Ayudante Técnico Veterinario (ATV) Combo (Santa Cruz)
              </h3>
              <p
                class="text-xs text-gray-500 font-semibold mb-2 uppercase"
              >
                Inicio: 01/07/2025
              </p>
              <p
                class="text-sm sm:text-base text-gray-700 mb-4 flex-grow line-clamp-3"
              >
                Conviértete en un profesional especializado en asistencia veterinaria avanzada.
              </p>
              <a
                class="w-full bg-cep-primary text-white py-2 px-4 rounded-lg hover:bg-cep-primary-dark transition-colors font-semibold text-center block text-sm sm:text-base mt-auto"
                data-discover="true"
                href="/curso/ayudante-tecnico-veterinario-santa-cruz-santacruz"
              >
                VER CURSO COMPLETO
              </a>
            </div>
          </div>
          <div
            class="bg-white rounded-lg shadow-lg overflow-hidden hover:shadow-xl transition-shadow h-full flex flex-col"
          >
            <div
              class="relative"
            >
              <img
                alt="Imagen del curso Quiromasaje Nivel II"
                class="w-full h-40 sm:h-48 object-cover"
                decoding="async"
                loading="lazy"
                src="/images/cursos/Quiromasaje II.png"
              />
              <div
                class="absolute top-3 left-3 px-3 py-1 rounded-full text-xs font-bold text-white bg-orange-500"
              >
                ÚLTIMAS PLAZAS
              </div>
            </div>
            <div
              class="p-4 sm:p-6 flex-grow flex flex-col"
            >
              <h3
                class="text-lg sm:text-xl font-bold text-cep-primary mb-2"
              >
                Quiromasaje Nivel II
              </h3>
              <p
                class="text-xs text-gray-500 font-semibold mb-2 uppercase"
              >
                Inicio 04/07/2025 - Viernes 10:00-14:00H
              </p>
              <p
                class="text-sm sm:text-base text-gray-700 mb-4 flex-grow line-clamp-3"
              >
                Avanza en tus técnicas y especialízate en masaje deportivo.
              </p>
              <a
                class="w-full bg-cep-primary text-white py-2 px-4 rounded-lg hover:bg-cep-primary-dark transition-colors font-semibold text-center block text-sm sm:text-base mt-auto"
                data-discover="true"
                href="/curso/quiromasaje-nivel2-santacruz"
              >
                VER CURSO COMPLETO
              </a>
            </div>
          </div>
          <div
            class="bg-white rounded-lg shadow-lg overflow-hidden hover:shadow-xl transition-shadow h-full flex flex-col"
          >
            <div
              class="relative"
            >
              <img
                alt="Imagen del curso Tanatoestética y Tanatopraxia (Agente Funerario)"
                class="w-full h-40 sm:h-48 object-cover"
                decoding="async"
                loading="lazy"
                src="/images/cursos/especializacion-sanitaria.jpg"
              />
              <div
                class="absolute top-3 left-3 px-3 py-1 rounded-full text-xs font-bold text-white bg-green-500"
              >
                SEPTIEMBRE 2025
              </div>
            </div>
            <div
              class="p-4 sm:p-6 flex-grow flex flex-col"
            >
              <h3
                class="text-lg sm:text-xl font-bold text-cep-primary mb-2"
              >
                Tanatoestética y Tanatopraxia (Agente Funerario)
              </h3>
              <p
                class="text-xs text-gray-500 font-semibold mb-2 uppercase"
              >
                Inicio 11/09/2025 - Jueves 18:00-21:00H
              </p>
              <p
                class="text-sm sm:text-base text-gray-700 mb-4 flex-grow line-clamp-3"
              >
                Fórmate en una profesión esencial y de gran demanda social.
              </p>
              <a
                class="w-full bg-cep-primary text-white py-2 px-4 rounded-lg hover:bg-cep-primary-dark transition-colors font-semibold text-center block text-sm sm:text-base mt-auto"
                data-discover="true"
                href="/curso/agente-funerario-santacruz"
              >
                VER CURSO COMPLETO
              </a>
            </div>
          </div>
          <div
            class="bg-white rounded-lg shadow-lg overflow-hidden hover:shadow-xl transition-shadow h-full flex flex-col"
          >
            <div
              class="relative"
            >
              <img
                alt="Imagen del curso Auxiliar de Enfermería"
                class="w-full h-40 sm:h-48 object-cover"
                decoding="async"
                loading="lazy"
                src="/images/cursos/auxiliar-enfermeria.jpg"
              />
              <div
                class="absolute top-3 left-3 px-3 py-1 rounded-full text-xs font-bold text-white bg-green-500"
              >
                SEPTIEMBRE 2025
              </div>
            </div>
            <div
              class="p-4 sm:p-6 flex-grow flex flex-col"
            >
              <h3
                class="text-lg sm:text-xl font-bold text-cep-primary mb-2"
              >
                Auxiliar de Enfermería
              </h3>
              <p
                class="text-xs text-gray-500 font-semibold mb-2 uppercase"
              >
                Inicio 29/09/2025 - Lunes 16:30-19:30H
              </p>
              <p
                class="text-sm sm:text-base text-gray-700 mb-4 flex-grow line-clamp-3"
              >
                Una vocación de servicio, una profesión con futuro garantizado.
              </p>
              <a
                class="w-full bg-cep-primary text-white py-2 px-4 rounded-lg hover:bg-cep-primary-dark transition-colors font-semibold text-center block text-sm sm:text-base mt-auto"
                data-discover="true"
                href="/curso/auxiliar-enfermeria-santacruz"
              >
                VER CURSO COMPLETO
              </a>
            </div>
          </div>
          <div
            class="bg-white rounded-lg shadow-lg overflow-hidden hover:shadow-xl transition-shadow h-full flex flex-col"
          >
            <div
              class="relative"
            >
              <img
                alt="Imagen del curso Auxiliar de Clínicas Estéticas"
                class="w-full h-40 sm:h-48 object-cover"
                decoding="async"
                loading="lazy"
                src="/images/cursos/especializacion-sanitaria.jpg"
              />
              <div
                class="absolute top-3 left-3 px-3 py-1 rounded-full text-xs font-bold text-white bg-green-500"
              >
                OCTUBRE 2025
              </div>
            </div>
            <div
              class="p-4 sm:p-6 flex-grow flex flex-col"
            >
              <h3
                class="text-lg sm:text-xl font-bold text-cep-primary mb-2"
              >
                Auxiliar de Clínicas Estéticas
              </h3>
              <p
                class="text-xs text-gray-500 font-semibold mb-2 uppercase"
              >
                Inicio 09/10/2025 - Jueves 10:30-13:30H
              </p>
              <p
                class="text-sm sm:text-base text-gray-700 mb-4 flex-grow line-clamp-3"
              >
                Especialízate en medicina estética y centros de belleza.
              </p>
              <a
                class="w-full bg-cep-primary text-white py-2 px-4 rounded-lg hover:bg-cep-primary-dark transition-colors font-semibold text-center block text-sm sm:text-base mt-auto"
                data-discover="true"
                href="/curso/auxiliar-clinicas-esteticas-santacruz"
              >
                VER CURSO COMPLETO
              </a>
            </div>
          </div>
          <div
            class="bg-white rounded-lg shadow-lg overflow-hidden hover:shadow-xl transition-shadow h-full flex flex-col"
          >
            <div
              class="relative"
            >
              <img
                alt="Imagen del curso Auxiliar de Farmacia y Parafarmacia"
                class="w-full h-40 sm:h-48 object-cover"
                decoding="async"
                loading="lazy"
                src="/images/cursos/farmacia-parafarmacia.jpg"
              />
              <div
                class="absolute top-3 left-3 px-3 py-1 rounded-full text-xs font-bold text-white bg-green-500"
              >
                OCTUBRE 2025
              </div>
            </div>
            <div
              class="p-4 sm:p-6 flex-grow flex flex-col"
            >
              <h3
                class="text-lg sm:text-xl font-bold text-cep-primary mb-2"
              >
                Auxiliar de Farmacia y Parafarmacia
              </h3>
              <p
                class="text-xs text-gray-500 font-semibold mb-2 uppercase"
              >
                Inicio 13/10/2025 - Lunes 16:00-19:00H
              </p>
              <p
                class="text-sm sm:text-base text-gray-700 mb-4 flex-grow line-clamp-3"
              >
                Conviértete en el enlace entre el farmacéutico y el paciente.
              </p>
              <a
                class="w-full bg-cep-primary text-white py-2 px-4 rounded-lg hover:bg-cep-primary-dark transition-colors font-semibold text-center block text-sm sm:text-base mt-auto"
                data-discover="true"
                href="/curso/auxiliar-farmacia-parafarmacia-santacruz"
              >
                VER CURSO COMPLETO
              </a>
            </div>
          </div>
          <div
            class="bg-white rounded-lg shadow-lg overflow-hidden hover:shadow-xl transition-shadow h-full flex flex-col"
          >
            <div
              class="relative"
            >
              <img
                alt="Imagen del curso Auxiliar de Odontología + Periodoncia"
                class="w-full h-40 sm:h-48 object-cover"
                decoding="async"
                loading="lazy"
                src="/images/cursos/auxiliar-odontologia.jpg"
              />
              <div
                class="absolute top-3 left-3 px-3 py-1 rounded-full text-xs font-bold text-white bg-green-500"
              >
                NOVIEMBRE 2025
              </div>
            </div>
            <div
              class="p-4 sm:p-6 flex-grow flex flex-col"
            >
              <h3
                class="text-lg sm:text-xl font-bold text-cep-primary mb-2"
              >
                Auxiliar de Odontología + Periodoncia
              </h3>
              <p
                class="text-xs text-gray-500 font-semibold mb-2 uppercase"
              >
                Inicio 26/11/2025 - Miércoles 10:00-14:00
              </p>
              <p
                class="text-sm sm:text-base text-gray-700 mb-4 flex-grow line-clamp-3"
              >
                Asiste al odontólogo y mejora la salud bucodental de los pacientes.
              </p>
              <a
                class="w-full bg-cep-primary text-white py-2 px-4 rounded-lg hover:bg-cep-primary-dark transition-colors font-semibold text-center block text-sm sm:text-base mt-auto"
                data-discover="true"
                href="/curso/auxiliar-odontologia-santacruz"
              >
                VER CURSO COMPLETO
              </a>
            </div>
          </div>
          <div
            class="bg-white rounded-lg shadow-lg overflow-hidden hover:shadow-xl transition-shadow h-full flex flex-col"
          >
            <div
              class="relative"
            >
              <img
                alt="Imagen del curso Adiestramiento Canino Nivel 1"
                class="w-full h-40 sm:h-48 object-cover"
                decoding="async"
                loading="lazy"
                src="/images/cursos/adiestramiento-canino.jpg"
              />
              <div
                class="absolute top-3 left-3 px-3 py-1 rounded-full text-xs font-bold text-white bg-green-500"
              >
                SEPTIEMBRE 2025
              </div>
            </div>
            <div
              class="p-4 sm:p-6 flex-grow flex flex-col"
            >
              <h3
                class="text-lg sm:text-xl font-bold text-cep-primary mb-2"
              >
                Adiestramiento Canino Nivel 1
              </h3>
              <p
                class="text-xs text-gray-500 font-semibold mb-2 uppercase"
              >
                Inicio Septiembre - Horario pendiente confirmación
              </p>
              <p
                class="text-sm sm:text-base text-gray-700 mb-4 flex-grow line-clamp-3"
              >
                Conviértete en un experto en el comportamiento y educación canina.
              </p>
              <a
                class="w-full bg-cep-primary text-white py-2 px-4 rounded-lg hover:bg-cep-primary-dark transition-colors font-semibold text-center block text-sm sm:text-base mt-auto"
                data-discover="true"
                href="/curso/adiestramiento-canino-santacruz"
              >
                VER CURSO COMPLETO
              </a>
            </div>
          </div>
          <div
            class="bg-white rounded-lg shadow-lg overflow-hidden hover:shadow-xl transition-shadow h-full flex flex-col"
          >
            <div
              class="relative"
            >
              <img
                alt="Imagen del curso Adiestramiento Canino Nivel 2"
                class="w-full h-40 sm:h-48 object-cover"
                decoding="async"
                loading="lazy"
                src="/images/cursos/adiestramiento-canino.jpg"
              />
              <div
                class="absolute top-3 left-3 px-3 py-1 rounded-full text-xs font-bold text-white bg-gray-500"
              >
                PRÓXIMAMENTE
              </div>
            </div>
            <div
              class="p-4 sm:p-6 flex-grow flex flex-col"
            >
              <h3
                class="text-lg sm:text-xl font-bold text-cep-primary mb-2"
              >
                Adiestramiento Canino Nivel 2
              </h3>
              <p
                class="text-xs text-gray-500 font-semibold mb-2 uppercase"
              >
                Lunes 16-18:30h
              </p>
              <p
                class="text-sm sm:text-base text-gray-700 mb-4 flex-grow line-clamp-3"
              >
                Perfecciona tus habilidades y especialízate en adiestramiento avanzado.
              </p>
              <a
                class="w-full bg-cep-primary text-white py-2 px-4 rounded-lg hover:bg-cep-primary-dark transition-colors font-semibold text-center block text-sm sm:text-base mt-auto"
                data-discover="true"
                href="/curso/adiestramiento-canino-ii-santacruz"
              >
                VER CURSO COMPLETO
              </a>
            </div>
          </div>
          <div
            class="bg-white rounded-lg shadow-lg overflow-hidden hover:shadow-xl transition-shadow h-full flex flex-col"
          >
            <div
              class="relative"
            >
              <img
                alt="Imagen del curso Dietética y Nutrición"
                class="w-full h-40 sm:h-48 object-cover"
                decoding="async"
                loading="lazy"
                src="/images/cursos/dietetica-nutricion.jpg"
              />
              <div
                class="absolute top-3 left-3 px-3 py-1 rounded-full text-xs font-bold text-white bg-green-500"
              >
                SEPTIEMBRE 2025
              </div>
            </div>
            <div
              class="p-4 sm:p-6 flex-grow flex flex-col"
            >
              <h3
                class="text-lg sm:text-xl font-bold text-cep-primary mb-2"
              >
                Dietética y Nutrición
              </h3>
              <p
                class="text-xs text-gray-500 font-semibold mb-2 uppercase"
              >
                Inicio Septiembre 2025 - Jueves 17:00-20:00H
              </p>
              <p
                class="text-sm sm:text-base text-gray-700 mb-4 flex-grow line-clamp-3"
              >
                Promueve hábitos de vida saludable a través de la alimentación.
              </p>
              <a
                class="w-full bg-cep-primary text-white py-2 px-4 rounded-lg hover:bg-cep-primary-dark transition-colors font-semibold text-center block text-sm sm:text-base mt-auto"
                data-discover="true"
                href="/curso/dietetica-nutricion-santacruz"
              >
                VER CURSO COMPLETO
              </a>
            </div>
          </div>
          <div
            class="bg-white rounded-lg shadow-lg overflow-hidden hover:shadow-xl transition-shadow h-full flex flex-col"
          >
            <div
              class="relative"
            >
              <img
                alt="Imagen del curso Especialista en Animales Exóticos"
                class="w-full h-40 sm:h-48 object-cover"
                decoding="async"
                loading="lazy"
                src="/images/cursos/mundo-animal.jpg"
              />
              <div
                class="absolute top-3 left-3 px-3 py-1 rounded-full text-xs font-bold text-white bg-gray-500"
              >
                PRÓXIMAMENTE
              </div>
            </div>
            <div
              class="p-4 sm:p-6 flex-grow flex flex-col"
            >
              <h3
                class="text-lg sm:text-xl font-bold text-cep-primary mb-2"
              >
                Especialista en Animales Exóticos
              </h3>
              <p
                class="text-xs text-gray-500 font-semibold mb-2 uppercase"
              >
                7 meses / 28 sesiones
              </p>
              <p
                class="text-sm sm:text-base text-gray-700 mb-4 flex-grow line-clamp-3"
              >
                Adéntrate en el fascinante mundo de las especies no convencionales.
              </p>
              <a
                class="w-full bg-cep-primary text-white py-2 px-4 rounded-lg hover:bg-cep-primary-dark transition-colors font-semibold text-center block text-sm sm:text-base mt-auto"
                data-discover="true"
                href="/curso/especialista-animales-exoticos-santacruz"
              >
                VER CURSO COMPLETO
              </a>
            </div>
          </div>
        </div>
      </section>
    </main>
    <section
      class="bg-gray-100 py-16"
    >
      <div
        class="container mx-auto px-4 text-center"
      >
        <svg
          aria-hidden="true"
          class="lucide lucide-mail mx-auto text-cep-primary h-12 w-12 mb-4"
          fill="none"
          height="24"
          stroke="currentColor"
          stroke-linecap="round"
          stroke-linejoin="round"
          stroke-width="2"
          viewBox="0 0 24 24"
          width="24"
          xmlns="http://www.w3.org/2000/svg"
        >
          <path
            d="m22 7-8.991 5.727a2 2 0 0 1-2.009 0L2 7"
          />
          <rect
            height="16"
            rx="2"
            width="20"
            x="2"
            y="4"
          />
        </svg>
        <h2
          class="text-3xl font-bold text-gray-800 mb-2"
        >
          Suscríbete a nuestro newsletter
        </h2>
        <p
          class="text-gray-600 mb-8 max-w-2xl mx-auto"
        >
          Recibe en tu correo las últimas novedades, ofertas especiales y notificaciones de nuevos cursos antes que nadie.
        </p>
        <form
          action="https://formsubmit.co/agency.solaria@gmail.com"
          class="max-w-md mx-auto"
          method="POST"
        >
          <input
            name="_next"
            type="hidden"
            value="http://localhost:3000/gracias-suscripcion"
          />
          <input
            name="_subject"
            type="hidden"
            value="🚀 NUEVO SUSCRIPTOR - Newsletter CEP Formación"
          />
          <input
            name="_captcha"
            type="hidden"
            value="false"
          />
          <input
            name="Origen_Lead"
            type="hidden"
            value="Suscripción Newsletter Web"
          />
          <input
            name="Tag_Suscripcion"
            type="hidden"
            value="suscripcion-newsletter-web"
          />
          <input
            name="Timestamp"
            type="hidden"
            value="01/01/2024, 12:00:00"
          />
          <input
            name="URL_Origen"
            type="hidden"
            value="http://localhost:3000/"
          />
          <div
            class="flex flex-col sm:flex-row gap-4"
          >
            <input
              class="flex-grow px-4 py-3 border border-gray-300 rounded-lg focus:ring-2 focus:ring-cep-primary focus:outline-none"
              name="email"
              placeholder="Tu dirección de correo electrónico"
              required=""
              type="email"
            />
            <button
              class="px-8 py-3 font-bold text-white rounded-lg bg-cep-primary hover:bg-cep-primary-dark transition-colors"
              type="submit"
            >
              Suscribirme
            </button>
          </div>
        </form>
      </div>
    </section>
    <footer
      class="bg-white text-gray-700 border-t border-gray-200"
    >
      <div
        class="bg-gray-50 text-gray-800 py-12"
      >
        <div
          class="max-w-7xl mx-auto px-4 sm:px-6 lg:px-8"
        >
          <div
            class="text-center mb-8"
          >
            <h2
              class="text-2xl font-bold mb-4 text-gray-900"
            >
              ¿NECESITAS MÁS INFORMACIÓN?
            </h2>
            <button
              class="bg-cep-primary text-white px-8 py-3 rounded-lg font-medium transition-colors hover:bg-pink-700"
            >
              CONTÁCTANOS
            </button>
          </div>
          <div
            class="grid grid-cols-1 md:grid-cols-2 lg:grid-cols-4 gap-8"
          >
            <div
              class="flex flex-col items-center lg:items-start"
            >
              <img
                alt="CEP Formación"
                class="h-16 w-auto mb-4"
                src="/images/logos/logotipo-300x95.jpg"
              />
              <p
                class="text-gray-600 font-medium text-center lg:text-left"
              >
                © 2025 CEP FORMACIÓN S.L.
              </p>
            </div>
            <div>
              <h3
                class="text-xl font-bold mb-6 text-gray-900 text-center lg:text-left"
              >
                SEDES
              </h3>
              <div
                class="space-y-4"
              >
                <div>
                  <h4
                    class="font-semibold mb-2 text-gray-900"
                  >
                    Santa Cruz:
                  </h4>
                  <div
                    class="flex items-start space-x-2"
                  >
                    <svg
                      aria-hidden="true"
                      class="lucide lucide-map-pin w-5 h-5 mt-1 text-cep-primary"
                      fill="none"
                      height="24"
                      stroke="currentColor"
                      stroke-linecap="round"
                      stroke-linejoin="round"
                      stroke-width="2"
                      viewBox="0 0 24 24"
                      width="24"
                      xmlns="http://www.w3.org/2000/svg"
                    >
                      <path
                        d="M20 10c0 4.993-5.539 10.193-7.399 11.799a1 1 0 0 1-1.202 0C9.539 20.193 4 14.993 4 10a8 8 0 0 1 16 0"
                      />
                      <circle
                        cx="12"
                        cy="10"
                        r="3"
                      />
                    </svg>
                    <p
                      class="text-gray-700"
                    >
                      Santa Cruz de Tenerife (38005) Plaza José Antonio Barrios Olivero Bajo Estadio Heliodoro
                    </p>
                  </div>
                </div>
                <div>
                  <h4
                    class="font-semibold mb-2 text-gray-900"
                  >
                    Norte:
                  </h4>
                  <div
                    class="flex items-start space-x-2"
                  >
                    <svg
                      aria-hidden="true"
                      class="lucide lucide-map-pin w-5 h-5 mt-1 text-cep-primary"
                      fill="none"
                      height="24"
                      stroke="currentColor"
                      stroke-linecap="round"
                      stroke-linejoin="round"
                      stroke-width="2"
                      viewBox="0 0 24 24"
                      width="24"
                      xmlns="http://www.w3.org/2000/svg"
                    >
                      <path
                        d="M20 10c0 4.993-5.539 10.193-7.399 11.799a1 1 0 0 1-1.202 0C9.539 20.193 4 14.993 4 10a8 8 0 0 1 16 0"
                      />
                      <circle
                        cx="12"
                        cy="10"
                        r="3"
                      />
                    </svg>
                    <p
                      class="text-gray-700"
                    >
                      C.C El Tompo – Última planta – La Orotava
                    </p>
                  </div>
                </div>
              </div>
            </div>
            <div>
              <h3
                class="text-xl font-bold mb-6 text-gray-900 text-center lg:text-left"
              >
                INFORMACIÓN DE CONTACTO
              </h3>
              <div
                class="space-y-4"
              >
                <div
                  class="flex items-center space-x-3"
                >
                  <svg
                    aria-hidden="true"
                    class="lucide lucide-phone w-5 h-5 text-cep-primary"
                    fill="none"
                    height="24"
                    stroke="currentColor"
                    stroke-linecap="round"
                    stroke-linejoin="round"
                    stroke-width="2"
                    viewBox="0 0 24 24"
                    width="24"
                    xmlns="http://www.w3.org/2000/svg"
                  >
                    <path
                      d="M13.832 16.568a1 1 0 0 0 1.213-.303l.355-.465A2 2 0 0 1 17 15h3a2 2 0 0 1 2 2v3a2 2 0 0 1-2 2A18 18 0 0 1 2 4a2 2 0 0 1 2-2h3a2 2 0 0 1 2 2v3a2 2 0 0 1-.8 1.6l-.468.351a1 1 0 0 0-.292 1.233 14 14 0 0 0 6.392 6.384"
                    />
                  </svg>
                  <div>
                    <h4
                      class="font-semibold text-gray-900"
                    >
                      Teléfono:
                    </h4>
                    <p
                      class="text-gray-700"
                    >
                      922 21 92 57
                    </p>
                  </div>
                </div>
                <div
                  class="flex items-center space-x-3"
                >
                  <svg
                    aria-hidden="true"
                    class="lucide lucide-mail w-5 h-5 text-cep-primary"
                    fill="none"
                    height="24"
                    stroke="currentColor"
                    stroke-linecap="round"
                    stroke-linejoin="round"
                    stroke-width="2"
                    viewBox="0 0 24 24"
                    width="24"
                    xmlns="http://www.w3.org/2000/svg"
                  >
                    <path
                      d="m22 7-8.991 5.727a2 2 0 0 1-2.009 0L2 7"
                    />
                    <rect
                      height="16"
                      rx="2"
                      width="20"
                      x="2"
                      y="4"
                    />
                  </svg>
                  <div>
                    <h4
                      class="font-semibold text-gray-900"
                    >
                      Correo electrónico:
                    </h4>
                    <p
                      class="text-gray-700"
                    >
                      info@cursostenerife.es
                    </p>
                  </div>
                </div>
                <div
                  class="flex items-center space-x-3"
                >
                  <svg
                    aria-hidden="true"
                    class="lucide lucide-clock w-5 h-5 text-cep-primary"
                    fill="none"
                    height="24"
                    stroke="currentColor"
                    stroke-linecap="round"
                    stroke-linejoin="round"
                    stroke-width="2"
                    viewBox="0 0 24 24"
                    width="24"
                    xmlns="http://www.w3.org/2000/svg"
                  >
                    <circle
                      cx="12"
                      cy="12"
                      r="10"
                    />
                    <polyline
                      points="12 6 12 12 16 14"
                    />
                  </svg>
                  <div>
                    <h4
                      class="font-semibold text-gray-900"
                    >
                      Horario:
                    </h4>
                    <p
                      class="text-gray-700"
                    >
                      Lunes a viernes 10 a 14hs. – 16 a 20hs.
                    </p>
                  </div>
                </div>
              </div>
            </div>
            <div
              class="flex flex-col items-center lg:items-start space-y-4"
            >
              <img
                alt="Logos de certificaciones de calidad"
                class="w-3/4 h-auto mx-auto lg:mx-0"
                src="/images/logos/logo-certificaciones.jpg"
              />
              <img
                alt="Logo del Fondo Social Europeo"
                class="w-3/4 h-auto mx-auto lg:mx-0"
                src="/images/logos/logo-fondo-europeo.jpg"
              />
              <img
                alt="Logo del Servicio Canario de Empleo"
                class="w-3/4 h-auto mx-auto lg:mx-0"
                src="/images/logos/logo-sce.jpg"
              />
            </div>
          </div>
        </div>
      </div>
      <div
        class="bg-white py-6 border-t border-gray-200"
      >
        <div
          class="max-w-7xl mx-auto px-4 sm:px-6 lg:px-8"
        >
          <div
            class="flex flex-col md:flex-row justify-between items-center"
          >
            <div
              class="flex items-center space-x-4 mb-4 md:mb-0"
            >
              <a
                class="text-gray-500 hover:text-cep-primary transition-colors"
                href="https://www.facebook.com/cepsantacruz/"
              >
                <svg
                  aria-hidden="true"
                  class="lucide lucide-facebook w-5 h-5"
                  fill="none"
                  height="24"
                  stroke="currentColor"
                  stroke-linecap="round"
                  stroke-linejoin="round"
                  stroke-width="2"
                  viewBox="0 0 24 24"
                  width="24"
                  xmlns="http://www.w3.org/2000/svg"
                >
                  <path
                    d="M18 2h-3a5 5 0 0 0-5 5v3H7v4h3v8h4v-8h3l1-4h-4V7a1 1 0 0 1 1-1h3z"
                  />
                </svg>
              </a>
              <a
                class="text-gray-500 hover:text-cep-primary transition-colors"
                href="https://www.instagram.com/cep_formacion/"
              >
                <svg
                  aria-hidden="true"
                  class="lucide lucide-instagram w-5 h-5"
                  fill="none"
                  height="24"
                  stroke="currentColor"
                  stroke-linecap="round"
                  stroke-linejoin="round"
                  stroke-width="2"
                  viewBox="0 0 24 24"
                  width="24"
                  xmlns="http://www.w3.org/2000/svg"
                >
                  <rect
                    height="20"
                    rx="5"
                    ry="5"
                    width="20"
                    x="2"
                    y="2"
                  />
                  <path
                    d="M16 11.37A4 4 0 1 1 12.63 8 4 4 0 0 1 16 11.37z"
                  />
                  <line
                    x1="17.5"
                    x2="17.51"
                    y1="6.5"
                    y2="6.5"
                  />
                </svg>
              </a>
              <a
                class="text-gray-500 hover:text-cep-primary transition-colors"
                href="#"
              >
                <svg
                  aria-hidden="true"
                  class="lucide lucide-youtube w-5 h-5"
                  fill="none"
                  height="24"
                  stroke="currentColor"
                  stroke-linecap="round"
                  stroke-linejoin="round"
                  stroke-width="2"
                  viewBox="0 0 24 24"
                  width="24"
                  xmlns="http://www.w3.org/2000/svg"
                >
                  <path
                    d="M2.5 17a24.12 24.12 0 0 1 0-10 2 2 0 0 1 1.4-1.4 49.56 49.56 0 0 1 16.2 0A2 2 0 0 1 21.5 7a24.12 24.12 0 0 1 0 10 2 2 0 0 1-1.4 1.4 49.55 49.55 0 0 1-16.2 0A2 2 0 0 1 2.5 17"
                  />
                  <path
                    d="m10 15 5-3-5-3z"
                  />
                </svg>
              </a>
            </div>
            <div
              class="flex flex-wrap justify-center md:justify-end space-x-6 text-sm"
            >
              <a
                class="text-gray-500 hover:text-gray-800 transition-colors"
                href="/aviso-legal"
              >
                Aviso Legal
              </a>
              <a
                class="text-gray-500 hover:text-gray-800 transition-colors"
                href="/politica-privacidad"
              >
                Privacidad
              </a>
              <a
                class="text-gray-500 hover:text-gray-800 transition-colors"
                href="/proteccion-datos"
              >
                Protección de Datos
              </a>
              <a
                class="text-gray-500 hover:text-gray-800 transition-colors"
                href="/politica-cookies"
              >
                Cookies
              </a>
            </div>
          </div>
        </div>
      </div>
    </footer>
  </div>
</DocumentFragment>
`;
